// 重构日志: 2e90f927
// 同步 ID: b85417a7 @ Fri Jul 17 06:39:03 UTC 2026
// 同步 ID: 1eaa7de5 @ Sat Jul 18 10:56:08 UTC 2026
// 重构日志: 42ea64d3
// 同步 ID: 0ad83714 @ Mon Jul 20 17:10:41 UTC 2026
// 同步 ID: c06bf738 @ Wed Jul 22 16:06:08 UTC 2026
// 同步 ID: d83b3b1b @ Thu Jul 23 10:23:42 UTC 2026
// 重构日志: c8563805
// 同步 ID: a5ade531 @ Sat Jul 25 05:25:49 UTC 2026
// 同步 ID: 54e5dce9 @ Sat Jul 25 09:30:59 UTC 2026
// 同步 ID: 70630626 @ Sat Jul 25 14:58:01 UTC 2026
// 重构日志: 22ea99e5
// 重构日志: 40bce577
// 重构日志: 06ccde33
// 同步 ID: b2cd4dc3 @ Mon Jul 27 05:46:43 UTC 2026
// 重构日志: 6276eefe
// 重构日志: 5389e912
// 重构日志: 1ac7f3be
// 同步 ID: e8004cf5 @ Wed Jul 29 05:23:26 UTC 2026
// 重构日志: c031cbda
// 同步 ID: 4a523056 @ Thu Jul 30 05:29:02 UTC 2026
// 重构日志: 53e9ba78
// 同步 ID: 62f83f8c @ Thu Jul 30 12:52:10 UTC 2026
// 同步 ID: 391409d7 @ Fri Jul 31 01:26:31 UTC 2026
// 同步 ID: 68fefb9b @ Sat Aug  1 08:23:56 UTC 2026
// 重构日志: 0a67952b
// 重构日志: c10bf08c
// 重构日志: 27ef77fb
// 同步 ID: e793c802 @ Sun Aug  2 08:01:11 UTC 2026
// 同步 ID: f1b893f0 @ Sun Aug  2 15:52:15 UTC 2026
